// Jest Snapshot v1, https://goo.gl/fbAQLP

exports[`Authenticated should match a snapshot 1`] = `
<Fragment>
  <Component>
    Welcome To Reapit Foundations
  </Component>
  <Component>
    Next steps:
  </Component>
  <Component>
    You are now authenticated against our sandbox data.
  </Component>
  <Component>
    Your Reapit connectSession object is available via the useReapitConnect hook and will be automatically refreshed unless you logout. This will provide you with an accessToken and login identity information to authenticate against our plaform APIs. For more on this
     
    <a
      href="https://developers.reapit.cloud/api-docs//api/web#connect-session"
      rel="noreferrer noopener"
      target="_blank"
    >
      visit here.
    </a>
  </Component>
  <Component>
    There is a sample fetch service that pulls Appointment Config Types from Foundations API to demonstrate fetching data using this scaffold, logging the data out to the JS console. Naturally you can replace this endpoint in the platform-api file with an API of your choosing from the API explorer in the developer portal. For our API explorer
     
    <a
      href="https://developers.reapit.cloud/swagger"
      rel="noreferrer noopener"
      target="_blank"
    >
      visit here.
    </a>
  </Component>
  <Component>
    Included in the scaffold is the latest version of the Elements UI library. This is the simplest way for you to adhere to the basic style guidelines for Marketplace applications. For more on this
     
    <a
      href="https://developers.reapit.cloud/api-docs/elements"
      rel="noreferrer noopener"
      target="_blank"
    >
      visit here.
    </a>
  </Component>
</Fragment>
`;
