// Jest Snapshot v1, https://goo.gl/fbAQLP

exports[`Dashboard Office It should render Dashboard Office Component 1`] = `ShallowWrapper {}`;
