// Jest Snapshot v1, https://goo.gl/fbAQLP

exports[`<Loading/> should render Loading Indicator Component 1`] = `<Component />`;
